// Jest Snapshot v1, https://goo.gl/fbAQLP

exports[`<TextInput/> should match snapshot 1`] = `
<div>
  <input
    class="text-Input"
    placeholder="type yor search"
    type="search"
    value=""
  />
</div>
`;
